Microchip MPLAB XC8 Compiler V2.36

Linker command line:

-W-3 --edf=C:\Program Files\Microchip\xc8\v2.36\pic\dat\en_msgs.txt -cn \
  -h+dist/default/production\UART.X.production.sym \
  --cmf=dist/default/production\UART.X.production.cmf -z -Q18F452 \
  -oC:\Users\Arnav\AppData\Local\Temp\xcAs414.4 --defsym=__MPLAB_BUILD=1 \
  -Mdist/default/production/UART.X.production.map \
  --md=C:\Users\Arnav\AppData\Local\Temp\xcAs414.dat -E1 -ver=XC8 Compiler \
  --acfsm=1493 -ACODE=00h-03FFFhx2 -ACONST=00h-07FFFh \
  -ASMALLCONST=0600h-06FFhx122 -AMEDIUMCONST=0600h-07FFFh -ACOMRAM=01h-07Fh \
  -AABS1=00h-05FFh -ABIGRAM=01h-05FFh -ARAM=080h-0FFh,0100h-01FFhx5 \
  -ABANK0=080h-0FFh -ABANK1=0100h-01FFh -ABANK2=0200h-02FFh \
  -ABANK3=0300h-03FFh -ABANK4=0400h-04FFh -ABANK5=0500h-05FFh \
  -ASFR=0F80h-0FFFh -ABIGSFR=0F80h-0FFFh -ACONFIG=0300000h-030000Dh \
  -AIDLOC=0200000h-0200007h -AEEDATA=0F00000h-0F000FFh -peeprom_data=EEDATA \
  -preset_vec=00h,intcode=08h,intcodelo,powerup,init -pramtop=0600h \
  -psmallconst=SMALLCONST -pmediumconst=MEDIUMCONST -pconst=CONST \
  -AFARRAM=00h-00h \
  -prdata=COMRAM,nvrram=COMRAM,nvbit=COMRAM,rbss=COMRAM,rbit=COMRAM \
  -pfarbss=FARRAM,fardata=FARRAM,nvFARRAM=FARRAM \
  -pintsave_regs=BIGRAM,bigbss=BIGRAM,bigdata=BIGRAM -pbss=RAM \
  -pidata=CODE,irdata=CODE,ibigdata=CODE,ifardata=CODE -prparam=COMRAM \
  C:\Users\Arnav\AppData\Local\Temp\xcAs414.o \
  dist/default/production\UART.X.production.o 

Object code version is 3.11

Machine type is 18F452



                Name                               Link     Load   Length Selector   Space Scale
C:\Users\Arnav\AppData\Local\Temp\xcAs414.o
                idloc                            200000   200000        8        0       5
                config                           300000   300000        E        0       4
                text                                186      186        2        4       0
                init                                 F8       F8        4        4       0
                reset_vec                             0        0        6        0       0
dist/default/production\UART.X.production.o
                intcode                               8        8       F0        4       0
                idloc                            200000   200000        8        0       5
                config                           300000   300000        E        0       4
                temp                                  5        5        1        1       1
                text4                               120      120       22        4       0
                text2                                FC       FC       24        4       0
                text1                               142      142       1E        4       0
                text0                               160      160       18        4       0
                cstackCOMRAM                          3        3        2        1       1
                bssCOMRAM                             1        1        2        1       1
                cinit                               178      178        E        4       0

TOTAL           Name                               Link     Load   Length     Space
        CLASS   CODE           
                intcode                               8        8       F0         0
                text                                186      186        2         0
                init                                 F8       F8        4         0
                reset_vec                             0        0        6         0
                text4                               120      120       22         0
                text2                                FC       FC       24         0
                text1                               142      142       1E         0
                text0                               160      160       18         0
                cinit                               178      178        E         0

        CLASS   CONST          

        CLASS   SMALLCONST     

        CLASS   MEDIUMCONST    

        CLASS   COMRAM         
                temp                                  5        5        1         1
                cstackCOMRAM                          3        3        2         1
                bssCOMRAM                             1        1        2         1

        CLASS   ABS1           

        CLASS   BIGRAM         

        CLASS   RAM            

        CLASS   BANK0          

        CLASS   BANK1          

        CLASS   BANK2          

        CLASS   BANK3          

        CLASS   BANK4          

        CLASS   BANK5          

        CLASS   SFR            

        CLASS   BIGSFR         

        CLASS   CONFIG         
                config                           300000   300000        E         4

        CLASS   IDLOC          
                idloc                            200000   200000        8         5

        CLASS   EEDATA         

        CLASS   FARRAM         

        CLASS   HEAP           

        CLASS   STACK          



SEGMENTS        Name                           Load    Length   Top    Selector   Space  Class

                reset_vec                      000000  000006  000006         0       0  CODE    
                bssCOMRAM                      000001  000005  000006         1       1  COMRAM  
                intcode                        000008  000180  000188         4       0  CODE    


UNUSED ADDRESS RANGES

        Name                Unused          Largest block    Delta
        BANK0            000080-0000FF               80
        BANK1            000100-0001FF              100
        BANK2            000200-0002FF              100
        BANK3            000300-0003FF              100
        BANK4            000400-0004FF              100
        BANK5            000500-0005FF              100
        BIGRAM           000006-0005FF              5FA
        BIGSFR           000F80-000FFF               80
        CODE             000006-000007                2
                         000188-007FFF             3E78
        COMRAM           000006-00007F               7A
        CONST            000006-000007                2
                         000188-007FFF             7E78
        EEDATA           F00000-F000FF              100
        MEDIUMCONST      000600-007FFF             7A00
        RAM              000080-0005FF              100
        SFR              000F80-000FFF               80
        SMALLCONST       000600-007FFF              100

                                  Symbol Table

I2C_Slave_Initialization@address                           cstackCOMRAM 000004
UART_Write@data                                            cstackCOMRAM 000003
_BF                                                        (abs)        007E38
_I2C_Slave_Initialization                                  text2        0000FC
_INTCONbits                                                (abs)        000FF2
_PIE1bits                                                  (abs)        000F9D
_PIR1bits                                                  (abs)        000F9E
_PORTB                                                     (abs)        000F81
_PORTD                                                     (abs)        000F83
_RCSTAbits                                                 (abs)        000FAB
_SPBRG                                                     (abs)        000FAF
_SSPADD                                                    (abs)        000FC8
_SSPBUF                                                    (abs)        000FC9
_SSPCON1                                                   (abs)        000FC6
_SSPCON1bits                                               (abs)        000FC6
_SSPCON2                                                   (abs)        000FC5
_SSPIF                                                     (abs)        007CF3
_SSPSTAT                                                   (abs)        000FC7
_SSPSTATbits                                               (abs)        000FC7
_TRISB                                                     (abs)        000F93
_TRISC3                                                    (abs)        007CA3
_TRISC4                                                    (abs)        007CA4
_TRISCbits                                                 (abs)        000F94
_TRMT                                                      (abs)        007D61
_TXREG                                                     (abs)        000FAD
_TXSTA                                                     (abs)        000FAC
_UART_Write                                                text4        000120
__HRAM                                                     (abs)        000000
__Habs1                                                    abs1         000000
__Hbank0                                                   bank0        000000
__Hbank1                                                   bank1        000000
__Hbank2                                                   bank2        000000
__Hbank3                                                   bank3        000000
__Hbank4                                                   bank4        000000
__Hbank5                                                   bank5        000000
__Hbigbss                                                  bigbss       000000
__Hbigdata                                                 bigdata      000000
__Hbigram                                                  bigram       000000
__Hbigsfr                                                  bigsfr       000000
__Hbss                                                     bss          000000
__HbssCOMRAM                                               bssCOMRAM    000000
__Hcinit                                                   cinit        000000
__Hclrtext                                                 clrtext      000000
__Hcomram                                                  comram       000000
__Hconfig                                                  config       30000E
__Hconst                                                   const        000000
__HcstackCOMRAM                                            cstackCOMRAM 000000
__Hdata                                                    data         000000
__Heeprom_data                                             eeprom_data  000000
__Hfarbss                                                  farbss       000000
__Hfardata                                                 fardata      000000
__Hheap                                                    heap         000000
__Hibigdata                                                ibigdata     000000
__Hidata                                                   idata        000000
__Hidloc                                                   idloc        200008
__Hifardata                                                ifardata     000000
__Hinit                                                    init         0000FC
__Hintcode                                                 intcode      0000F8
__Hintcode_body                                            intcode_body 000000
__Hintcodelo                                               intcodelo    0000F8
__Hintentry                                                intentry     000000
__Hintret                                                  intret       000000
__Hintsave_regs                                            intsave_regs 000000
__Hirdata                                                  irdata       000000
__Hmediumconst                                             mediumconst  000000
__HnvFARRAM                                                nvFARRAM     000000
__Hnvbit                                                   nvbit        000000
__Hnvrram                                                  nvrram       000000
__Hparam                                                   rparam       000000
__Hpowerup                                                 powerup      0000F8
__Hram                                                     ram          000000
__Hramtop                                                  ramtop       000600
__Hrbit                                                    rbit         000000
__Hrbss                                                    rbss         000000
__Hrdata                                                   rdata        000000
__Hreset_vec                                               reset_vec    000006
__Hrparam                                                  rparam       000000
__Hsfr                                                     sfr          000000
__Hsmallconst                                              smallconst   000000
__Hspace_0                                                 (abs)        000600
__Hspace_1                                                 (abs)        000006
__Hspace_2                                                 (abs)        000000
__Hspace_4                                                 (abs)        60000E
__Hstack                                                   stack        000000
__Hstruct                                                  struct       000000
__Htemp                                                    temp         000006
__Htext                                                    text         000000
__Htext0                                                   text0        000000
__Htext1                                                   text1        000000
__Htext2                                                   text2        000000
__Htext4                                                   text4        000000
__LRAM                                                     (abs)        000001
__Labs1                                                    abs1         000000
__Lbank0                                                   bank0        000000
__Lbank1                                                   bank1        000000
__Lbank2                                                   bank2        000000
__Lbank3                                                   bank3        000000
__Lbank4                                                   bank4        000000
__Lbank5                                                   bank5        000000
__Lbigbss                                                  bigbss       000000
__Lbigdata                                                 bigdata      000000
__Lbigram                                                  bigram       000000
__Lbigsfr                                                  bigsfr       000000
__Lbss                                                     bss          000000
__LbssCOMRAM                                               bssCOMRAM    000000
__Lcinit                                                   cinit        000000
__Lclrtext                                                 clrtext      000000
__Lcomram                                                  comram       000000
__Lconfig                                                  config       000000
__Lconst                                                   const        000000
__LcstackCOMRAM                                            cstackCOMRAM 000000
__Ldata                                                    data         000000
__Leeprom_data                                             eeprom_data  000000
__Lfarbss                                                  farbss       000000
__Lfardata                                                 fardata      000000
__Lheap                                                    heap         000000
__Libigdata                                                ibigdata     000000
__Lidata                                                   idata        000000
__Lidloc                                                   idloc        000000
__Lifardata                                                ifardata     000000
__Linit                                                    init         0000F8
__Lintcode                                                 intcode      000008
__Lintcode_body                                            intcode_body 000000
__Lintcodelo                                               intcodelo    0000F8
__Lintentry                                                intentry     000000
__Lintret                                                  intret       000000
__Lintsave_regs                                            intsave_regs 000000
__Lirdata                                                  irdata       000000
__Lmediumconst                                             mediumconst  000000
__LnvFARRAM                                                nvFARRAM     000000
__Lnvbit                                                   nvbit        000000
__Lnvrram                                                  nvrram       000000
__Lparam                                                   rparam       000000
__Lpowerup                                                 powerup      0000F8
__Lram                                                     ram          000000
__Lramtop                                                  ramtop       000600
__Lrbit                                                    rbit         000000
__Lrbss                                                    rbss         000000
__Lrdata                                                   rdata        000000
__Lreset_vec                                               reset_vec    000000
__Lrparam                                                  rparam       000000
__Lsfr                                                     sfr          000000
__Lsmallconst                                              smallconst   000000
__Lspace_0                                                 (abs)        000000
__Lspace_1                                                 (abs)        000000
__Lspace_2                                                 (abs)        000000
__Lspace_4                                                 (abs)        000000
__Lstack                                                   stack        000000
__Lstruct                                                  struct       000000
__Ltemp                                                    temp         000005
__Ltext                                                    text         000000
__Ltext0                                                   text0        000000
__Ltext1                                                   text1        000000
__Ltext2                                                   text2        000000
__Ltext4                                                   text4        000000
__S0                                                       (abs)        000188
__S1                                                       (abs)        000006
__S4                                                       (abs)        000000
__S5                                                       (abs)        000000
___heap_hi                                                 (abs)        000000
___heap_lo                                                 (abs)        000000
___inthi_sp                                                stack        000000
___intlo_sp                                                stack        000000
___param_bank                                              (abs)        000000
___rparam_used                                             (abs)        000001
___sp                                                      stack        000000
__accesstop                                                (abs)        000080
__activetblptr                                             (abs)        000000
__cntErrataNOP_C:\Users\Arnav\AppData\Local\Temp\xcAs414.o (abs)        000001
__cntErrataNOP_dist/default/production\UART.X.production.o (abs)        000021
__end_of_I2C_Slave_Initialization                          text2        000120
__end_of_UART_Write                                        text4        000140
__end_of__initialization                                   cinit        00017C
__end_of_high_isr                                          intcode      0000F8
__end_of_main                                              text0        000178
__end_of_uart                                              text1        000160
__initialization                                           cinit        000178
__mediumconst                                              mediumconst  000000
__pbssCOMRAM                                               bssCOMRAM    000001
__pcinit                                                   cinit        000178
__pcstackCOMRAM                                            cstackCOMRAM 000003
__pintcode                                                 intcode      000008
__ptext0                                                   text0        000160
__ptext1                                                   text1        000142
__ptext2                                                   text2        0000FC
__ptext4                                                   text4        000120
__ramtop                                                   ramtop       000600
__smallconst                                               smallconst   000000
_high_isr                                                  intcode      000008
_main                                                      text0        000160
_uart                                                      text1        000142
_z                                                         bssCOMRAM    000001
btemp                                                      temp         000005
end_of_initialization                                      cinit        00017C
int$flags                                                  temp         000005
intlevel0                                                  text         000186
intlevel1                                                  text         000186
intlevel2                                                  text         000186
intlevel3                                                  text         000186
isa$std                                                    (abs)        000001
isa$xinst                                                  (abs)        000000
stackhi                                                    (abs)        000000
stacklo                                                    (abs)        000000
start                                                      init         0000F8
start_initialization                                       cinit        000178
ttemp5                                                     temp         000006
ttemp6                                                     temp         000009
ttemp7                                                     temp         00000D
wtemp8                                                     temp         000006


MODULE INFORMATION

Module		Function		Class		Link	Load	Size
PIC1.c
		_uart          		CODE           	0142	0000	30
		_main          		CODE           	0160	0000	24
		_high_isr      		CODE           	0008	0000	240
		_I2C_Slave_Initialization		CODE           	00FC	0000	36
		_UART_Write    		CODE           	0120	0000	32

PIC1.c estimated size: 362

shared
		__initialization		CODE           	0178	0000	4

shared estimated size: 4

