Microchip MPLAB XC8 Compiler V2.36

Linker command line:

-W-3 --edf=C:\Program Files\Microchip\xc8\v2.36\pic\dat\en_msgs.txt -cn \
  -h+dist/default/production\I2C.X.production.sym \
  --cmf=dist/default/production\I2C.X.production.cmf -z -Q18C452 \
  -oC:\Users\Arnav\AppData\Local\Temp\xcAs12c.4 --defsym=__MPLAB_BUILD=1 \
  -Mdist/default/production/I2C.X.production.map \
  --md=C:\Users\Arnav\AppData\Local\Temp\xcAs12c.dat -E1 -ver=XC8 Compiler \
  --acfsm=1493 -ACODE=00h-07FFFh -ACONST=00h-07FFFh \
  -ASMALLCONST=0600h-06FFhx122 -AMEDIUMCONST=0600h-07FFFh -ACOMRAM=01h-07Fh \
  -AABS1=00h-05FFh -ABIGRAM=01h-05FFh -ARAM=080h-0FFh,0100h-01FFhx5 \
  -ABANK0=080h-0FFh -ABANK1=0100h-01FFh -ABANK2=0200h-02FFh \
  -ABANK3=0300h-03FFh -ABANK4=0400h-04FFh -ABANK5=0500h-05FFh \
  -ASFR=0F80h-0FFFh -ABIGSFR=0F80h-0FFFh -ACONFIG=0300000h-0300007h \
  -AIDLOC=0200000h-0200007h -preset_vec=00h,intcode,intcodelo,powerup,init \
  -pramtop=0600h -psmallconst=SMALLCONST -pmediumconst=MEDIUMCONST \
  -pconst=CONST -AFARRAM=00h-00h \
  -prdata=COMRAM,nvrram=COMRAM,nvbit=COMRAM,rbss=COMRAM,rbit=COMRAM \
  -pfarbss=FARRAM,fardata=FARRAM,nvFARRAM=FARRAM \
  -pintsave_regs=BIGRAM,bigbss=BIGRAM,bigdata=BIGRAM -pbss=RAM \
  -pidata=CODE,irdata=CODE,ibigdata=CODE,ifardata=CODE -prparam=COMRAM \
  C:\Users\Arnav\AppData\Local\Temp\xcAs12c.o \
  dist/default/production\I2C.X.production.o 

Object code version is 3.11

Machine type is 18C452



                Name                               Link     Load   Length Selector   Space Scale
C:\Users\Arnav\AppData\Local\Temp\xcAs12c.o
                idloc                            200000   200000        8        0       5
                config                           300000   300000        8        0       4
                init                                  0        0        4        0       0
dist/default/production\I2C.X.production.o
                idloc                            200000   200000        8        0       5
                config                           300000   300000        8        0       4
                text6                              7F5C     7F5C       A4     3FAE       0
                text5                              7F00     7F00       5C     3F80       0
                text4                              7E94     7E94       2E     3F4A       0
                text3                              7E64     7E64        8     3F32       0
                text2                              7E7E     7E7E       16     3F3F       0
                text1                              7E6C     7E6C       12     3F36       0
                text0                              7EC2     7EC2       3E     3F61       0
                cstackCOMRAM                          1        1       16        1       1
                cinit                              7E5E     7E5E        6     3F2F       0

TOTAL           Name                               Link     Load   Length     Space
        CLASS   CODE           
                init                                  0        0        4         0
                text6                              7F5C     7F5C       A4         0
                text5                              7F00     7F00       5C         0
                text4                              7E94     7E94       2E         0
                text3                              7E64     7E64        8         0
                text2                              7E7E     7E7E       16         0
                text1                              7E6C     7E6C       12         0
                text0                              7EC2     7EC2       3E         0
                cinit                              7E5E     7E5E        6         0

        CLASS   CONST          

        CLASS   SMALLCONST     

        CLASS   MEDIUMCONST    

        CLASS   COMRAM         
                cstackCOMRAM                          1        1       16         1

        CLASS   ABS1           

        CLASS   BIGRAM         

        CLASS   RAM            

        CLASS   BANK0          

        CLASS   BANK1          

        CLASS   BANK2          

        CLASS   BANK3          

        CLASS   BANK4          

        CLASS   BANK5          

        CLASS   SFR            

        CLASS   BIGSFR         

        CLASS   CONFIG         
                config                           300000   300000        8         4

        CLASS   IDLOC          
                idloc                            200000   200000        8         5

        CLASS   FARRAM         

        CLASS   HEAP           

        CLASS   STACK          



SEGMENTS        Name                           Load    Length   Top    Selector   Space  Class

                reset_vec                      000000  000004  000004         0       0  CODE    
                cstackCOMRAM                   000001  000016  000017         1       1  COMRAM  
                cinit                          007E5E  000006  007E64      3F2F       0  CODE    
                text3                          007E64  000008  007E6C      3F32       0  CODE    
                text1                          007E6C  000012  007E7E      3F36       0  CODE    
                text2                          007E7E  000016  007E94      3F3F       0  CODE    
                text4                          007E94  00002E  007EC2      3F4A       0  CODE    
                text0                          007EC2  00003E  007F00      3F61       0  CODE    
                text5                          007F00  00005C  007F5C      3F80       0  CODE    
                text6                          007F5C  0000A4  008000      3FAE       0  CODE    


UNUSED ADDRESS RANGES

        Name                Unused          Largest block    Delta
        BANK0            000080-0000FF               80
        BANK1            000100-0001FF              100
        BANK2            000200-0002FF              100
        BANK3            000300-0003FF              100
        BANK4            000400-0004FF              100
        BANK5            000500-0005FF              100
        BIGRAM           000017-0005FF              5E9
        BIGSFR           000F80-000FFF               80
        CODE             000004-007E5D             7E5A
        COMRAM           000017-00007F               69
        CONST            000004-007E5D             7E5A
        MEDIUMCONST      000600-007E5D             785E
        RAM              000080-0005FF              100
        SFR              000F80-000FFF               80
        SMALLCONST       000600-007E5D              100

                                  Symbol Table

?___lldiv                cstackCOMRAM 000001
I2C_Master_Init@c        cstackCOMRAM 00000E
I2C_Write@Data           cstackCOMRAM 000001
_BCLIF                   (abs)        007D0B
_I2C_Master_Init         text5        007F00
_I2C_Master_Stop         text3        007E64
_I2C_Ready               text4        007E94
_I2C_Start               text2        007E7E
_I2C_Write               text1        007E6C
_SSPADD                  (abs)        000FC8
_SSPBUF                  (abs)        000FC9
_SSPCON1                 (abs)        000FC6
_SSPCON2                 (abs)        000FC5
_SSPCON2bits             (abs)        000FC5
_SSPIF                   (abs)        007CF3
_SSPSTAT                 (abs)        000FC7
_SSPSTATbits             (abs)        000FC7
_TRISC3                  (abs)        007CA3
_TRISC4                  (abs)        007CA4
__HRAM                   (abs)        000000
__Habs1                  abs1         000000
__Hbank0                 bank0        000000
__Hbank1                 bank1        000000
__Hbank2                 bank2        000000
__Hbank3                 bank3        000000
__Hbank4                 bank4        000000
__Hbank5                 bank5        000000
__Hbigbss                bigbss       000000
__Hbigdata               bigdata      000000
__Hbigram                bigram       000000
__Hbigsfr                bigsfr       000000
__Hbss                   bss          000000
__Hcinit                 cinit        000000
__Hclrtext               clrtext      000000
__Hcomram                comram       000000
__Hconfig                config       300008
__Hconst                 const        000000
__HcstackCOMRAM          cstackCOMRAM 000000
__Hdata                  data         000000
__Hfarbss                farbss       000000
__Hfardata               fardata      000000
__Hheap                  heap         000000
__Hibigdata              ibigdata     000000
__Hidata                 idata        000000
__Hidloc                 idloc        200008
__Hifardata              ifardata     000000
__Hinit                  init         000004
__Hintcode               intcode      000000
__Hintcode_body          intcode_body 000000
__Hintcodelo             intcodelo    000000
__Hintentry              intentry     000000
__Hintret                intret       000000
__Hintsave_regs          intsave_regs 000000
__Hirdata                irdata       000000
__Hmediumconst           mediumconst  000000
__HnvFARRAM              nvFARRAM     000000
__Hnvbit                 nvbit        000000
__Hnvrram                nvrram       000000
__Hparam                 rparam       000000
__Hpowerup               powerup      000000
__Hram                   ram          000000
__Hramtop                ramtop       000600
__Hrbit                  rbit         000000
__Hrbss                  rbss         000000
__Hrdata                 rdata        000000
__Hreset_vec             reset_vec    000000
__Hrparam                rparam       000000
__Hsfr                   sfr          000000
__Hsmallconst            smallconst   000000
__Hspace_0               (abs)        008000
__Hspace_1               (abs)        000017
__Hspace_2               (abs)        000000
__Hspace_4               (abs)        600008
__Hstack                 stack        000000
__Hstruct                struct       000000
__Htemp                  temp         000000
__Htext                  text         000000
__Htext0                 text0        000000
__Htext1                 text1        000000
__Htext2                 text2        000000
__Htext3                 text3        000000
__Htext4                 text4        000000
__Htext5                 text5        000000
__Htext6                 text6        000000
__LRAM                   (abs)        000001
__Labs1                  abs1         000000
__Lbank0                 bank0        000000
__Lbank1                 bank1        000000
__Lbank2                 bank2        000000
__Lbank3                 bank3        000000
__Lbank4                 bank4        000000
__Lbank5                 bank5        000000
__Lbigbss                bigbss       000000
__Lbigdata               bigdata      000000
__Lbigram                bigram       000000
__Lbigsfr                bigsfr       000000
__Lbss                   bss          000000
__Lcinit                 cinit        000000
__Lclrtext               clrtext      000000
__Lcomram                comram       000000
__Lconfig                config       000000
__Lconst                 const        000000
__LcstackCOMRAM          cstackCOMRAM 000000
__Ldata                  data         000000
__Lfarbss                farbss       000000
__Lfardata               fardata      000000
__Lheap                  heap         000000
__Libigdata              ibigdata     000000
__Lidata                 idata        000000
__Lidloc                 idloc        000000
__Lifardata              ifardata     000000
__Linit                  init         000000
__Lintcode               intcode      000000
__Lintcode_body          intcode_body 000000
__Lintcodelo             intcodelo    000000
__Lintentry              intentry     000000
__Lintret                intret       000000
__Lintsave_regs          intsave_regs 000000
__Lirdata                irdata       000000
__Lmediumconst           mediumconst  000000
__LnvFARRAM              nvFARRAM     000000
__Lnvbit                 nvbit        000000
__Lnvrram                nvrram       000000
__Lparam                 rparam       000000
__Lpowerup               powerup      000000
__Lram                   ram          000000
__Lramtop                ramtop       000600
__Lrbit                  rbit         000000
__Lrbss                  rbss         000000
__Lrdata                 rdata        000000
__Lreset_vec             reset_vec    000000
__Lrparam                rparam       000000
__Lsfr                   sfr          000000
__Lsmallconst            smallconst   000000
__Lspace_0               (abs)        000000
__Lspace_1               (abs)        000000
__Lspace_2               (abs)        000000
__Lspace_4               (abs)        000000
__Lstack                 stack        000000
__Lstruct                struct       000000
__Ltemp                  temp         000000
__Ltext                  text         000000
__Ltext0                 text0        000000
__Ltext1                 text1        000000
__Ltext2                 text2        000000
__Ltext3                 text3        000000
__Ltext4                 text4        000000
__Ltext5                 text5        000000
__Ltext6                 text6        000000
__S0                     (abs)        008000
__S1                     (abs)        000017
__S4                     (abs)        000000
__S5                     (abs)        000000
___heap_hi               (abs)        000000
___heap_lo               (abs)        000000
___inthi_sp              stack        000000
___intlo_sp              stack        000000
___lldiv                 text6        007F5C
___lldiv@counter         cstackCOMRAM 00000D
___lldiv@dividend        cstackCOMRAM 000001
___lldiv@divisor         cstackCOMRAM 000005
___lldiv@quotient        cstackCOMRAM 000009
___param_bank            (abs)        000000
___rparam_used           (abs)        000001
___sp                    stack        000000
__accesstop              (abs)        000080
__activetblptr           (abs)        000000
__end_of_I2C_Master_Init text5        007F5C
__end_of_I2C_Master_Stop text3        007E6C
__end_of_I2C_Ready       text4        007EC2
__end_of_I2C_Start       text2        007E94
__end_of_I2C_Write       text1        007E7E
__end_of___lldiv         text6        008000
__end_of__initialization cinit        007E5E
__end_of_main            text0        007F00
__initialization         cinit        007E5E
__mediumconst            mediumconst  000000
__pcinit                 cinit        007E5E
__pcstackCOMRAM          cstackCOMRAM 000001
__ptext0                 text0        007EC2
__ptext1                 text1        007E6C
__ptext2                 text2        007E7E
__ptext3                 text3        007E64
__ptext4                 text4        007E94
__ptext5                 text5        007F00
__ptext6                 text6        007F5C
__ramtop                 ramtop       000600
__smallconst             smallconst   000000
_main                    text0        007EC2
end_of_initialization    cinit        007E5E
intlevel0                text         000000
intlevel1                text         000000
intlevel2                text         000000
intlevel3                text         000000
isa$std                  (abs)        000001
isa$xinst                (abs)        000000
stackhi                  (abs)        000000
stacklo                  (abs)        000000
start                    init         000000
start_initialization     cinit        007E5E


MODULE INFORMATION

Module		Function		Class		Link	Load	Size
PIC!.c
		_I2C_Master_Init		CODE           	7F00	0000	92
		_I2C_Master_Stop		CODE           	7E64	0000	8
		_main          		CODE           	7EC2	0000	62
		_I2C_Write     		CODE           	7E6C	0000	18
		_I2C_Ready     		CODE           	7E94	0000	46
		_I2C_Start     		CODE           	7E7E	0000	22

PIC!.c estimated size: 248

C:\Program Files\Microchip\xc8\v2.36\pic\sources\c99\common\__lldiv.c
		___lldiv       		CODE           	7F5C	0000	164

C:\Program Files\Microchip\xc8\v2.36\pic\sources\c99\common\__lldiv.c estimated size: 164

shared
		__initialization		CODE           	7E5E	0000	1

shared estimated size: 1

